[wadhwa-panvel.co/index1f60.html]
[backblue.gif]
[fade.gif]
[index.html]
[wadhwa-panvel.co/assets/img/favicon.ico]
[wadhwa-panvel.co/assets/css/style-sm-1.css]
[wadhwa-panvel.co/assets/css/style-md-1.css]
[wadhwa-panvel.co/app.css]
[connect.facebook.net/en_US/fbevents.js]
[wadhwa-panvel.co/index.html]
[wadhwa-panvel.co/assets/img/logo.png]
[wadhwa-panvel.co/assets/img/1.jpg]
[wadhwa-panvel.co/assets/img/2.jpg]
[wadhwa-panvel.co/assets/img/travel-wise.jpg]
[wadhwa-panvel.co/assets/img/connectivity-wise.jpg]
[wadhwa-panvel.co/assets/img/access-wise.jpg]
[wadhwa-panvel.co/assets/img/info1.jpg]
[wadhwa-panvel.co/assets/img/info2.jpg]
[wadhwa-panvel.co/assets/img/info3.jpg]
[wadhwa-panvel.co/assets/img/location.jpg]
[wadhwa-panvel.co/index1f60.html]
[wadhwa-panvel.co/assets/css/style-sm-1.css]
[wadhwa-panvel.co/assets/css/style-md-1.css]
[wadhwa-panvel.co/app.css]
[wadhwa-panvel.co/POST.1d.delayed]
[connect.facebook.net/en_US/fbevents.js]
[wadhwa-panvel.co/index.html]
[wadhwa-panvel.co/assets/svg/site/home.svg]
[wadhwa-panvel.co/assets/svg/site/overview.svg]
[wadhwa-panvel.co/assets/svg/site/price.svg]
[wadhwa-panvel.co/assets/svg/site/amenities.svg]
[wadhwa-panvel.co/assets/svg/site/location.svg]
[wadhwa-panvel.co/assets/svg/site/site-visit.svg]
[wadhwa-panvel.co/assets/svg/site/bro-download.svg]
[wadhwa-panvel.co/assets/svg/site/mail.svg]
[wadhwa-panvel.co/assets/svg/site/nav.svg]
[wadhwa-panvel.co/assets/js/app-1-min.js]
[wadhwa-panvel.co/assets/svg/site/loader.svg]
[wadhwa-panvel.co/assets/svg/site/zoom.svg]
[wadhwa-panvel.co/assets/svg/site/video-play.svg]
[wadhwa-panvel.co/assets/svg/site/call-back.svg]
[wadhwa-panvel.co/POST.html]
